%!Adobe-FontList 1.22
%Locale:0x409

%BeginFont
Handler:DirectoryHandler
FontType:Invalid
OutlineFileName:/Users/alexmwalker/Sites/Cover-archive/Complete-Cover-Archive/cssmaster-3/9781925836424-css-master3 Folder/Document fonts/AdobeFnt22.lst
FileLength:3820
FileModTime:652684845
%EndFont

%BeginFont
Handler:DirectoryHandler
FontType:TrueType
FontName:BradleyHandITCTT-Bold
FamilyName:Bradley Hand
StyleName:Bold
MenuName:Bradley Hand
StyleBits:0
WeightClass:700
WidthClass:5
AngleClass:0
FullName:Bradley Hand Bold
WritingScript:Roman
OutlineFileName:/Users/alexmwalker/Sites/Cover-archive/Complete-Cover-Archive/cssmaster-3/9781925836424-css-master3 Folder/Document fonts/Bradley Hand Bold.ttf
DataFormat:sfntData
hasSVG:no
VariableFontType:NonVariableFont
FileLength:596216
FileModTime:650448837
NameArray:0,Mac,4,Bradley Hand Bold
%EndFont

%BeginFont
Handler:DirectoryHandler
FontType:Type1
FontName:Raleway-Bold
FamilyName:Raleway
StyleName:Bold
MenuName:Raleway
StyleBits:2
WeightClass:700
WidthClass:5
AngleClass:0
FullName:Raleway Bold
WritingScript:Roman
OutlineFileName:/Users/alexmwalker/Sites/Cover-archive/Complete-Cover-Archive/cssmaster-3/9781925836424-css-master3 Folder/Document fonts/Raleway-Bold.otf
DataFormat:sfntData
UsesStandardEncoding:yes
isCFF:yes
hasSVG:no
VariableFontType:NonVariableFont
FileLength:204212
FileModTime:533516855
NameArray:0,Mac,4,Raleway Bold
NameArray:0,Win,1,Raleway
%EndFont

%BeginFont
Handler:DirectoryHandler
FontType:Type1
FontName:Raleway-Medium
FamilyName:Raleway
StyleName:Medium
MenuName:Raleway Medium
StyleBits:0
WeightClass:500
WidthClass:5
AngleClass:0
FullName:Raleway Medium
WritingScript:Roman
OutlineFileName:/Users/alexmwalker/Sites/Cover-archive/Complete-Cover-Archive/cssmaster-3/9781925836424-css-master3 Folder/Document fonts/Raleway-Medium.otf
DataFormat:sfntData
UsesStandardEncoding:yes
isCFF:yes
hasSVG:no
VariableFontType:NonVariableFont
FileLength:194412
FileModTime:533517057
NameArray:0,Mac,4,Raleway Medium
NameArray:0,Win,1,Raleway Medium
NameArray:0,Win,16,Raleway
%EndFont

%BeginFont
Handler:DirectoryHandler
FontType:Type1
FontName:Raleway-SemiBold
FamilyName:Raleway
StyleName:SemiBold
MenuName:Raleway SemiBold
StyleBits:0
WeightClass:600
WidthClass:5
AngleClass:0
FullName:Raleway SemiBold
WritingScript:Roman
OutlineFileName:/Users/alexmwalker/Sites/Cover-archive/Complete-Cover-Archive/cssmaster-3/9781925836424-css-master3 Folder/Document fonts/Raleway-SemiBold.otf
DataFormat:sfntData
UsesStandardEncoding:yes
isCFF:yes
hasSVG:no
VariableFontType:NonVariableFont
FileLength:207236
FileModTime:533517034
NameArray:0,Mac,4,Raleway SemiBold
NameArray:0,Win,1,Raleway SemiBold
NameArray:0,Win,16,Raleway
%EndFont

%BeginFont
Handler:DirectoryHandler
FontType:TrueType
FontName:Swiss721BT-Roman
FamilyName:Swis721 BT
StyleName:Roman
MenuName:Swis721 BT
StyleBits:0
WeightClass:400
WidthClass:5
AngleClass:0
FullName:Swiss 721 BT
WritingScript:Roman
OutlineFileName:/Users/alexmwalker/Sites/Cover-archive/Complete-Cover-Archive/cssmaster-3/9781925836424-css-master3 Folder/Document fonts/swiss.ttf
DataFormat:sfntData
hasSVG:no
VariableFontType:NonVariableFont
FileLength:36548
FileModTime:145243500
NameArray:0,Mac,4,Swiss 721 BT
NameArray:0,Win,1,Swis721 BT
%EndFont

%BeginFont
Handler:DirectoryHandler
FontType:TrueType
FontName:Swiss721BT-Bold
FamilyName:Swis721 BT
StyleName:Bold
MenuName:Swis721 BT
StyleBits:2
WeightClass:700
WidthClass:5
AngleClass:0
FullName:Swiss 721 Bold BT
WritingScript:Roman
OutlineFileName:/Users/alexmwalker/Sites/Cover-archive/Complete-Cover-Archive/cssmaster-3/9781925836424-css-master3 Folder/Document fonts/swissb.ttf
DataFormat:sfntData
hasSVG:no
VariableFontType:NonVariableFont
FileLength:36852
FileModTime:145243500
NameArray:0,Mac,4,Swiss 721 Bold BT
NameArray:0,Win,1,Swis721 BT
%EndFont

